Archive member included because of file (symbol)

c:/winavr-20070525/bin/../lib/gcc/avr/4.1.2/../../../../avr/lib/avr5\libm.a(addsf3.o)
                              RP6Base_Move_05.o (__addsf3)
c:/winavr-20070525/bin/../lib/gcc/avr/4.1.2/../../../../avr/lib/avr5\libm.a(addsf3x.o)
                              c:/winavr-20070525/bin/../lib/gcc/avr/4.1.2/../../../../avr/lib/avr5\libm.a(addsf3.o) (__addsf3x)
c:/winavr-20070525/bin/../lib/gcc/avr/4.1.2/../../../../avr/lib/avr5\libm.a(divsf3.o)
                              RP6Base_Move_05.o (__divsf3)
c:/winavr-20070525/bin/../lib/gcc/avr/4.1.2/../../../../avr/lib/avr5\libm.a(divsf3x.o)
                              c:/winavr-20070525/bin/../lib/gcc/avr/4.1.2/../../../../avr/lib/avr5\libm.a(divsf3.o) (__divsf3x)
c:/winavr-20070525/bin/../lib/gcc/avr/4.1.2/../../../../avr/lib/avr5\libm.a(fixsfsi.o)
                              RP6Base_Move_05.o (__fixunssfsi)
c:/winavr-20070525/bin/../lib/gcc/avr/4.1.2/../../../../avr/lib/avr5\libm.a(floatsisf.o)
                              RP6Base_Move_05.o (__floatsisf)
c:/winavr-20070525/bin/../lib/gcc/avr/4.1.2/../../../../avr/lib/avr5\libm.a(fp_merge.o)
                              c:/winavr-20070525/bin/../lib/gcc/avr/4.1.2/../../../../avr/lib/avr5\libm.a(addsf3.o) (__fp_merge)
c:/winavr-20070525/bin/../lib/gcc/avr/4.1.2/../../../../avr/lib/avr5\libm.a(fp_nan.o)
                              c:/winavr-20070525/bin/../lib/gcc/avr/4.1.2/../../../../avr/lib/avr5\libm.a(divsf3x.o) (__fp_nanx)
c:/winavr-20070525/bin/../lib/gcc/avr/4.1.2/../../../../avr/lib/avr5\libm.a(fp_split.o)
                              c:/winavr-20070525/bin/../lib/gcc/avr/4.1.2/../../../../avr/lib/avr5\libm.a(addsf3.o) (__fp_split3)
c:/winavr-20070525/bin/../lib/gcc/avr/4.1.2/../../../../avr/lib/avr5\libm.a(fp_zero.o)
                              c:/winavr-20070525/bin/../lib/gcc/avr/4.1.2/../../../../avr/lib/avr5\libm.a(fixsfsi.o) (__fp_zero)
c:/winavr-20070525/bin/../lib/gcc/avr/4.1.2/avr5\libgcc.a(_mulsi3.o)
                              ../../RP6lib/RP6base/RP6RobotBaseLib.o (__mulsi3)
c:/winavr-20070525/bin/../lib/gcc/avr/4.1.2/avr5\libgcc.a(_udivmodhi4.o)
                              ../../RP6lib/RP6base/RP6RobotBaseLib.o (__udivmodhi4)
c:/winavr-20070525/bin/../lib/gcc/avr/4.1.2/avr5\libgcc.a(_divmodhi4.o)
                              ../../RP6lib/RP6base/RP6RobotBaseLib.o (__divmodhi4)
c:/winavr-20070525/bin/../lib/gcc/avr/4.1.2/avr5\libgcc.a(_udivmodsi4.o)
                              ../../RP6lib/RP6base/RP6RobotBaseLib.o (__udivmodsi4)
c:/winavr-20070525/bin/../lib/gcc/avr/4.1.2/avr5\libgcc.a(_exit.o)
                              c:/winavr-20070525/bin/../lib/gcc/avr/4.1.2/../../../../avr/lib/avr5/crtm32.o (exit)
c:/winavr-20070525/bin/../lib/gcc/avr/4.1.2/avr5\libgcc.a(_copy_data.o)
                              RP6Base_Move_05.o (__do_copy_data)
c:/winavr-20070525/bin/../lib/gcc/avr/4.1.2/avr5\libgcc.a(_clear_bss.o)
                              RP6Base_Move_05.o (__do_clear_bss)
c:/winavr-20070525/bin/../lib/gcc/avr/4.1.2/../../../../avr/lib/avr5\libc.a(itoa.o)
                              ../../RP6lib/RP6common/RP6uart.o (itoa)
c:/winavr-20070525/bin/../lib/gcc/avr/4.1.2/../../../../avr/lib/avr5\libc.a(strrev.o)
                              c:/winavr-20070525/bin/../lib/gcc/avr/4.1.2/../../../../avr/lib/avr5\libc.a(itoa.o) (strrev)

Allocating common symbols
Common symbol       size              file

bumper_left         0x1               ../../RP6lib/RP6base/RP6RobotBaseLib.o
preStop_R           0x2               ../../RP6lib/RP6base/RP6RobotBaseLib.o
mright_des_speed    0x2               ../../RP6lib/RP6base/RP6RobotBaseLib.o
mleft_des_speed     0x2               ../../RP6lib/RP6base/RP6RobotBaseLib.o
mleft_des_speed_tmp
                    0x2               ../../RP6lib/RP6base/RP6RobotBaseLib.o
uart_status         0x1               ../../RP6lib/RP6common/RP6uart.o
motion_status       0x1               RP6Base_Move_05.o
sysStatACS          0x1               ../../RP6lib/RP6base/RP6RobotBaseLib.o
ircomm_send         0x1               ../../RP6lib/RP6base/RP6RobotBaseLib.o
overcurrent_error_clear
                    0x1               ../../RP6lib/RP6base/RP6RobotBaseLib.o
distanceToMove_R    0x2               ../../RP6lib/RP6base/RP6RobotBaseLib.o
uart_receive_bytes  0x1               ../../RP6lib/RP6common/RP6uart.o
acs_pulse           0x1               ../../RP6lib/RP6base/RP6RobotBaseLib.o
left_i              0x2               ../../RP6lib/RP6base/RP6RobotBaseLib.o
IRCOMM_RC5_data     0x2               ../../RP6lib/RP6base/RP6RobotBaseLib.o
buffer_pos          0x1               ../../RP6lib/RP6common/RP6uart.o
motor_control       0x1               ../../RP6lib/RP6base/RP6RobotBaseLib.o
leds_on             0x1               ../../RP6lib/RP6base/RP6RobotBaseLib.o
mleft_power         0x2               ../../RP6lib/RP6base/RP6RobotBaseLib.o
mleft_speed         0x2               ../../RP6lib/RP6base/RP6RobotBaseLib.o
preDecelerate_R     0x2               ../../RP6lib/RP6base/RP6RobotBaseLib.o
mright_des_speed_tmp
                    0x2               ../../RP6lib/RP6base/RP6RobotBaseLib.o
adc1                0x2               ../../RP6lib/RP6base/RP6RobotBaseLib.o
adcLSL              0x2               ../../RP6lib/RP6base/RP6RobotBaseLib.o
acs_timer           0x2               ../../RP6lib/RP6base/RP6RobotBaseLib.o
preStop_L           0x2               ../../RP6lib/RP6base/RP6RobotBaseLib.o
mright_power        0x2               ../../RP6lib/RP6base/RP6RobotBaseLib.o
mright_counter      0x2               ../../RP6lib/RP6base/RP6RobotBaseLib.o
ircomm_data_tmp     0x2               ../../RP6lib/RP6base/RP6RobotBaseLib.o
distanceToMove_L    0x2               ../../RP6lib/RP6base/RP6RobotBaseLib.o
stopwatches         0x11              ../../RP6lib/RP6base/RP6RobotBaseLib.o
overcurrent_timeout
                    0x1               ../../RP6lib/RP6base/RP6RobotBaseLib.o
obstacle_left       0x1               ../../RP6lib/RP6base/RP6RobotBaseLib.o
overcurrent_errors  0x1               ../../RP6lib/RP6base/RP6RobotBaseLib.o
overcurrent_timer   0x1               ../../RP6lib/RP6base/RP6RobotBaseLib.o
statusLEDs          0x1               RP6Base_Move_05.o
mright_ptmp         0x1               ../../RP6lib/RP6base/RP6RobotBaseLib.o
ircomm_data         0x2               ../../RP6lib/RP6base/RP6RobotBaseLib.o
adcLSR              0x2               ../../RP6lib/RP6base/RP6RobotBaseLib.o
speed_adjust_timer  0x1               ../../RP6lib/RP6base/RP6RobotBaseLib.o
obstacle_right      0x1               ../../RP6lib/RP6base/RP6RobotBaseLib.o
speed_timer         0x1               ../../RP6lib/RP6base/RP6RobotBaseLib.o
right_i             0x2               ../../RP6lib/RP6base/RP6RobotBaseLib.o
bumper_timer        0x1               ../../RP6lib/RP6base/RP6RobotBaseLib.o
mright_dist         0x2               ../../RP6lib/RP6base/RP6RobotBaseLib.o
preDecelerate_L     0x2               ../../RP6lib/RP6base/RP6RobotBaseLib.o
mleft_counter       0x2               ../../RP6lib/RP6base/RP6RobotBaseLib.o
adc0                0x2               ../../RP6lib/RP6base/RP6RobotBaseLib.o
delay_timer         0x1               ../../RP6lib/RP6base/RP6RobotBaseLib.o
adcMotorCurrentRight
                    0x2               ../../RP6lib/RP6base/RP6RobotBaseLib.o
ms_timer            0x1               ../../RP6lib/RP6base/RP6RobotBaseLib.o
mright_speed        0x2               ../../RP6lib/RP6base/RP6RobotBaseLib.o
mleft_dist          0x2               ../../RP6lib/RP6base/RP6RobotBaseLib.o
bumper_right        0x1               ../../RP6lib/RP6base/RP6RobotBaseLib.o
acs_event_counter   0x1               ../../RP6lib/RP6base/RP6RobotBaseLib.o
motion_status_tmp   0x1               ../../RP6lib/RP6base/RP6RobotBaseLib.o
adcBat              0x2               ../../RP6lib/RP6base/RP6RobotBaseLib.o
uart_receive_buffer
                    0x10              ../../RP6lib/RP6common/RP6uart.o
IRCOMM_RC5_data_ok  0x2               ../../RP6lib/RP6base/RP6RobotBaseLib.o
mleft_ptmp          0x1               ../../RP6lib/RP6base/RP6RobotBaseLib.o
adcMotorCurrentLeft
                    0x2               ../../RP6lib/RP6base/RP6RobotBaseLib.o

Discarded input sections

 .stabstr       0x00000000        0x0 c:/winavr-20070525/bin/../lib/gcc/avr/4.1.2/../../../../avr/lib/avr5/crtm32.o

Memory Configuration

Name             Origin             Length             Attributes
text             0x00000000         0x00020000         xr
data             0x00800060         0x0000ffa0         rw !x
eeprom           0x00810000         0x00010000         rw !x
*default*        0x00000000         0xffffffff

Linker script and memory map

LOAD c:/winavr-20070525/bin/../lib/gcc/avr/4.1.2/../../../../avr/lib/avr5/crtm32.o
LOAD RP6Base_Move_05.o
LOAD ../../RP6lib/RP6base/RP6RobotBaseLib.o
LOAD ../../RP6lib/RP6common/RP6uart.o
LOAD c:/winavr-20070525/bin/../lib/gcc/avr/4.1.2/../../../../avr/lib/avr5\libm.a
LOAD c:/winavr-20070525/bin/../lib/gcc/avr/4.1.2/avr5\libgcc.a
LOAD c:/winavr-20070525/bin/../lib/gcc/avr/4.1.2/../../../../avr/lib/avr5\libc.a
LOAD c:/winavr-20070525/bin/../lib/gcc/avr/4.1.2/avr5\libgcc.a

.hash
 *(.hash)

.dynsym
 *(.dynsym)

.dynstr
 *(.dynstr)

.gnu.version
 *(.gnu.version)

.gnu.version_d
 *(.gnu.version_d)

.gnu.version_r
 *(.gnu.version_r)

.rel.init
 *(.rel.init)

.rela.init
 *(.rela.init)

.rel.text
 *(.rel.text)
 *(.rel.text.*)
 *(.rel.gnu.linkonce.t*)

.rela.text
 *(.rela.text)
 *(.rela.text.*)
 *(.rela.gnu.linkonce.t*)

.rel.fini
 *(.rel.fini)

.rela.fini
 *(.rela.fini)

.rel.rodata
 *(.rel.rodata)
 *(.rel.rodata.*)
 *(.rel.gnu.linkonce.r*)

.rela.rodata
 *(.rela.rodata)
 *(.rela.rodata.*)
 *(.rela.gnu.linkonce.r*)

.rel.data
 *(.rel.data)
 *(.rel.data.*)
 *(.rel.gnu.linkonce.d*)

.rela.data
 *(.rela.data)
 *(.rela.data.*)
 *(.rela.gnu.linkonce.d*)

.rel.ctors
 *(.rel.ctors)

.rela.ctors
 *(.rela.ctors)

.rel.dtors
 *(.rel.dtors)

.rela.dtors
 *(.rela.dtors)

.rel.got
 *(.rel.got)

.rela.got
 *(.rela.got)

.rel.bss
 *(.rel.bss)

.rela.bss
 *(.rela.bss)

.rel.plt
 *(.rel.plt)

.rela.plt
 *(.rela.plt)

.text           0x00000000     0x200c
 *(.vectors)
 .vectors       0x00000000       0x54 c:/winavr-20070525/bin/../lib/gcc/avr/4.1.2/../../../../avr/lib/avr5/crtm32.o
                0x00000000                __vectors
                0x00000000                __vector_default
 *(.vectors)
 *(.progmem.gcc*)
 *(.progmem*)
 .progmem.data  0x00000054      0x1be ../../RP6lib/RP6base/RP6RobotBaseLib.o
                0x00000212                . = ALIGN (0x2)
                0x00000212                __trampolines_start = .
 *(.trampolines)
 .trampolines   0x00000212        0x0 linker stubs
 *(.trampolines*)
                0x00000212                __trampolines_end = .
 *(.jumptables)
 *(.jumptables*)
 *(.lowtext)
 *(.lowtext*)
                0x00000212                __ctors_start = .
 *(.ctors)
                0x00000212                __ctors_end = .
                0x00000212                __dtors_start = .
 *(.dtors)
                0x00000212                __dtors_end = .
 SORT(*)(.ctors)
 SORT(*)(.dtors)
 *(.init0)
 .init0         0x00000212        0x0 c:/winavr-20070525/bin/../lib/gcc/avr/4.1.2/../../../../avr/lib/avr5/crtm32.o
                0x00000212                __init
 *(.init0)
 *(.init1)
 *(.init1)
 *(.init2)
 .init2         0x00000212        0xc c:/winavr-20070525/bin/../lib/gcc/avr/4.1.2/../../../../avr/lib/avr5/crtm32.o
 *(.init2)
 *(.init3)
 *(.init3)
 *(.init4)
 .init4         0x0000021e       0x16 c:/winavr-20070525/bin/../lib/gcc/avr/4.1.2/avr5\libgcc.a(_copy_data.o)
                0x0000021e                __do_copy_data
 .init4         0x00000234       0x10 c:/winavr-20070525/bin/../lib/gcc/avr/4.1.2/avr5\libgcc.a(_clear_bss.o)
                0x00000234                __do_clear_bss
 *(.init4)
 *(.init5)
 *(.init5)
 *(.init6)
 *(.init6)
 *(.init7)
 *(.init7)
 *(.init8)
 *(.init8)
 *(.init9)
 .init9         0x00000244        0x8 c:/winavr-20070525/bin/../lib/gcc/avr/4.1.2/../../../../avr/lib/avr5/crtm32.o
 *(.init9)
 *(.text)
 .text          0x0000024c        0x4 c:/winavr-20070525/bin/../lib/gcc/avr/4.1.2/../../../../avr/lib/avr5/crtm32.o
                0x0000024c                __vector_12
                0x0000024c                __bad_interrupt
                0x0000024c                __vector_6
                0x0000024c                __vector_11
                0x0000024c                __vector_17
                0x0000024c                __vector_19
                0x0000024c                __vector_7
                0x0000024c                __vector_5
                0x0000024c                __vector_9
                0x0000024c                __vector_15
                0x0000024c                __vector_8
                0x0000024c                __vector_14
                0x0000024c                __vector_16
                0x0000024c                __vector_18
                0x0000024c                __vector_20
 .text          0x00000250      0x4d2 RP6Base_Move_05.o
                0x00000642                behaviourController
                0x000006b8                acsStateChanged
                0x0000058e                moveCommand
                0x00000410                behaviour_avoid
                0x000003d8                bumpersStateChanged
                0x00000252                behaviour_escape
                0x00000250                behaviour_cruise
                0x0000067e                main
 .text          0x00000722     0x13d0 ../../RP6lib/RP6base/RP6RobotBaseLib.o
                0x00000722                enablePowerOnWarning
                0x00001ad4                mSleep
                0x000008fc                __vector_1
                0x00000a2e                setMotorPower
                0x000007ba                getBumperRight
                0x0000097c                MOTIONCONTROL_stateChanged_DUMMY
                0x00000bd2                IRCOMM_RC5dataReady_DUMMY
                0x00000730                disablePowerOnWarning
                0x00000794                setLEDs
                0x000019e2                rotate
                0x00000a56                setMotorDir
                0x000012a2                extIntON
                0x00000ec4                powerOFF
                0x00001282                sleep
                0x00000b84                __vector_3
                0x00000738                updateStatusLEDs
                0x00001292                delayCycles
                0x00000a7c                IRCOMM_sendRC5
                0x00000e50                disableACS
                0x000007d8                BUMPERS_setStateChangedHandler
                0x00000e9e                setACSPwrMed
                0x00000bd4                IRCOMM_setRC5DataReadyHandler
                0x00000be0                ACS_setStateChangedHandler
                0x00000822                readADC
                0x000018c2                move
                0x0000079e                getBumperLeft
                0x00000bea                task_ACS
                0x00000988                moveAtSpeed
                0x000009ac                changeDirection
                0x00000ea8                setACSPwrHigh
                0x00000e86                setACSPwrOff
                0x00000e94                setACSPwrLow
                0x0000133a                emergencyShutdown
                0x000007e2                task_Bumpers
                0x000018b0                task_RP6System
                0x00000bde                ACS_stateChanged_DUMMY
                0x00000ac0                __vector_4
                0x00000e6a                enableACS
                0x0000093c                __vector_2
                0x000012a8                extIntOFF
                0x00000840                startADC
                0x00000eb2                powerON
                0x0000097e                MOTIONCONTROL_setStateChangedHandler
                0x00001426                task_motionControl
                0x000012ae                initRobotBase
                0x000007d6                BUMPERS_stateChanged_DUMMY
                0x00000ef0                __vector_10
                0x000009f4                stop
                0x000009e0                isMovementComplete
                0x0000084a                task_ADC
 .text          0x00001af2      0x1ea ../../RP6lib/RP6common/RP6uart.o
                0x00001afa                writeString
                0x00001c44                writeIntegerLength
                0x00001ba8                waitUntilReceptionComplete
                0x00001b2c                __vector_13
                0x00001bec                writeInteger
                0x00001be0                stopReception
                0x00001b9a                receiveBytes
                0x00001af2                writeChar
                0x00001b0e                writeStringLength
                0x00001c30                writeNStringP
                0x00001bb2                copyReceivedBytesToBuffer
                0x00001cc0                receiveBytesToBuffer
 .text          0x00001cdc        0x0 c:/winavr-20070525/bin/../lib/gcc/avr/4.1.2/../../../../avr/lib/avr5\libm.a(addsf3.o)
 .text          0x00001cdc        0x0 c:/winavr-20070525/bin/../lib/gcc/avr/4.1.2/../../../../avr/lib/avr5\libm.a(addsf3x.o)
 .text          0x00001cdc        0x0 c:/winavr-20070525/bin/../lib/gcc/avr/4.1.2/../../../../avr/lib/avr5\libm.a(divsf3.o)
 .text          0x00001cdc        0x0 c:/winavr-20070525/bin/../lib/gcc/avr/4.1.2/../../../../avr/lib/avr5\libm.a(divsf3x.o)
 .text          0x00001cdc        0x0 c:/winavr-20070525/bin/../lib/gcc/avr/4.1.2/../../../../avr/lib/avr5\libm.a(fixsfsi.o)
 .text          0x00001cdc        0x0 c:/winavr-20070525/bin/../lib/gcc/avr/4.1.2/../../../../avr/lib/avr5\libm.a(floatsisf.o)
 .text          0x00001cdc        0x0 c:/winavr-20070525/bin/../lib/gcc/avr/4.1.2/../../../../avr/lib/avr5\libm.a(fp_merge.o)
 .text          0x00001cdc        0x0 c:/winavr-20070525/bin/../lib/gcc/avr/4.1.2/../../../../avr/lib/avr5\libm.a(fp_nan.o)
 .text          0x00001cdc        0x0 c:/winavr-20070525/bin/../lib/gcc/avr/4.1.2/../../../../avr/lib/avr5\libm.a(fp_split.o)
 .text          0x00001cdc        0x0 c:/winavr-20070525/bin/../lib/gcc/avr/4.1.2/../../../../avr/lib/avr5\libm.a(fp_zero.o)
 .text          0x00001cdc        0x0 c:/winavr-20070525/bin/../lib/gcc/avr/4.1.2/avr5\libgcc.a(_mulsi3.o)
 .text          0x00001cdc        0x0 c:/winavr-20070525/bin/../lib/gcc/avr/4.1.2/avr5\libgcc.a(_udivmodhi4.o)
 .text          0x00001cdc        0x0 c:/winavr-20070525/bin/../lib/gcc/avr/4.1.2/avr5\libgcc.a(_divmodhi4.o)
 .text          0x00001cdc        0x0 c:/winavr-20070525/bin/../lib/gcc/avr/4.1.2/avr5\libgcc.a(_udivmodsi4.o)
 .text          0x00001cdc        0x0 c:/winavr-20070525/bin/../lib/gcc/avr/4.1.2/avr5\libgcc.a(_exit.o)
 .text          0x00001cdc        0x0 c:/winavr-20070525/bin/../lib/gcc/avr/4.1.2/avr5\libgcc.a(_copy_data.o)
 .text          0x00001cdc        0x0 c:/winavr-20070525/bin/../lib/gcc/avr/4.1.2/avr5\libgcc.a(_clear_bss.o)
 .text          0x00001cdc       0x42 c:/winavr-20070525/bin/../lib/gcc/avr/4.1.2/../../../../avr/lib/avr5\libc.a(itoa.o)
                0x00001cdc                itoa
 .text          0x00001d1e       0x20 c:/winavr-20070525/bin/../lib/gcc/avr/4.1.2/../../../../avr/lib/avr5\libc.a(strrev.o)
                0x00001d1e                strrev
                0x00001d3e                . = ALIGN (0x2)
 *(.text.*)
 .text.fplib    0x00001d3e        0xa c:/winavr-20070525/bin/../lib/gcc/avr/4.1.2/../../../../avr/lib/avr5\libm.a(addsf3.o)
                0x00001d3e                __subsf3
                0x00001d40                __addsf3
 .text.fplib    0x00001d48       0x7c c:/winavr-20070525/bin/../lib/gcc/avr/4.1.2/../../../../avr/lib/avr5\libm.a(addsf3x.o)
                0x00001d48                __addsf3x
 .text.fplib    0x00001dc4        0x6 c:/winavr-20070525/bin/../lib/gcc/avr/4.1.2/../../../../avr/lib/avr5\libm.a(divsf3.o)
                0x00001dc4                __divsf3
 .text.fplib    0x00001dca       0x86 c:/winavr-20070525/bin/../lib/gcc/avr/4.1.2/../../../../avr/lib/avr5\libm.a(divsf3x.o)
                0x00001dca                __divsf3x
 .text.fplib    0x00001e50       0x36 c:/winavr-20070525/bin/../lib/gcc/avr/4.1.2/../../../../avr/lib/avr5\libm.a(fixsfsi.o)
                0x00001e50                __fixsfsi
                0x00001e76                __fp_lneg
                0x00001e50                __fixunssfsi
 .text.fplib    0x00001e86       0x18 c:/winavr-20070525/bin/../lib/gcc/avr/4.1.2/../../../../avr/lib/avr5\libm.a(floatsisf.o)
                0x00001e8a                __floatsisf
                0x00001e86                __floatunssisf
 .text.fplib    0x00001e9e       0x3a c:/winavr-20070525/bin/../lib/gcc/avr/4.1.2/../../../../avr/lib/avr5\libm.a(fp_merge.o)
                0x00001ea8                __fp_merge
 .text.fplib    0x00001ed8        0x6 c:/winavr-20070525/bin/../lib/gcc/avr/4.1.2/../../../../avr/lib/avr5\libm.a(fp_nan.o)
                0x00001ed8                __fp_nanERANGE
                0x00001ed8                __fp_nan
                0x00001ed8                __fp_nanEDOM
                0x00001ed8                __fp_nanx
 .text.fplib    0x00001ede       0x52 c:/winavr-20070525/bin/../lib/gcc/avr/4.1.2/../../../../avr/lib/avr5\libm.a(fp_split.o)
                0x00001ede                __fp_split3
                0x00001ee4                __fp_split2
                0x00001ef6                __fp_split1
                0x00001f12                __fp_split_a
 .text.fplib    0x00001f30        0xa c:/winavr-20070525/bin/../lib/gcc/avr/4.1.2/../../../../avr/lib/avr5\libm.a(fp_zero.o)
                0x00001f30                __fp_zero
                0x00001f36                __fp_zerox
 .text.libgcc   0x00001f3a       0x3e c:/winavr-20070525/bin/../lib/gcc/avr/4.1.2/avr5\libgcc.a(_mulsi3.o)
                0x00001f3a                __mulsi3
 .text.libgcc   0x00001f78       0x28 c:/winavr-20070525/bin/../lib/gcc/avr/4.1.2/avr5\libgcc.a(_udivmodhi4.o)
                0x00001f78                __udivmodhi4
 .text.libgcc   0x00001fa0       0x26 c:/winavr-20070525/bin/../lib/gcc/avr/4.1.2/avr5\libgcc.a(_divmodhi4.o)
                0x00001fa0                __divmodhi4
                0x00001fa0                _div
 .text.libgcc   0x00001fc6       0x44 c:/winavr-20070525/bin/../lib/gcc/avr/4.1.2/avr5\libgcc.a(_udivmodsi4.o)
                0x00001fc6                __udivmodsi4
 .text.libgcc   0x0000200a        0x0 c:/winavr-20070525/bin/../lib/gcc/avr/4.1.2/avr5\libgcc.a(_exit.o)
 .text.libgcc   0x0000200a        0x0 c:/winavr-20070525/bin/../lib/gcc/avr/4.1.2/avr5\libgcc.a(_copy_data.o)
 .text.libgcc   0x0000200a        0x0 c:/winavr-20070525/bin/../lib/gcc/avr/4.1.2/avr5\libgcc.a(_clear_bss.o)
                0x0000200a                . = ALIGN (0x2)
 *(.fini9)
 .fini9         0x0000200a        0x0 c:/winavr-20070525/bin/../lib/gcc/avr/4.1.2/avr5\libgcc.a(_exit.o)
                0x0000200a                exit
                0x0000200a                _exit
 *(.fini9)
 *(.fini8)
 *(.fini8)
 *(.fini7)
 *(.fini7)
 *(.fini6)
 *(.fini6)
 *(.fini5)
 *(.fini5)
 *(.fini4)
 *(.fini4)
 *(.fini3)
 *(.fini3)
 *(.fini2)
 *(.fini2)
 *(.fini1)
 *(.fini1)
 *(.fini0)
 .fini0         0x0000200a        0x2 c:/winavr-20070525/bin/../lib/gcc/avr/4.1.2/avr5\libgcc.a(_exit.o)
 *(.fini0)
                0x0000200c                _etext = .

.data           0x00800060       0x10 load address 0x0000200c
                0x00800060                PROVIDE (__data_start, .)
 *(.data)
 .data          0x00800060        0x0 c:/winavr-20070525/bin/../lib/gcc/avr/4.1.2/../../../../avr/lib/avr5/crtm32.o
 .data          0x00800060        0x7 RP6Base_Move_05.o
                0x00800060                cruise
 .data          0x00800067        0x9 ../../RP6lib/RP6base/RP6RobotBaseLib.o
                0x00800067                acs_state
 .data          0x00800070        0x0 ../../RP6lib/RP6common/RP6uart.o
 .data          0x00800070        0x0 c:/winavr-20070525/bin/../lib/gcc/avr/4.1.2/../../../../avr/lib/avr5\libm.a(addsf3.o)
 .data          0x00800070        0x0 c:/winavr-20070525/bin/../lib/gcc/avr/4.1.2/../../../../avr/lib/avr5\libm.a(addsf3x.o)
 .data          0x00800070        0x0 c:/winavr-20070525/bin/../lib/gcc/avr/4.1.2/../../../../avr/lib/avr5\libm.a(divsf3.o)
 .data          0x00800070        0x0 c:/winavr-20070525/bin/../lib/gcc/avr/4.1.2/../../../../avr/lib/avr5\libm.a(divsf3x.o)
 .data          0x00800070        0x0 c:/winavr-20070525/bin/../lib/gcc/avr/4.1.2/../../../../avr/lib/avr5\libm.a(fixsfsi.o)
 .data          0x00800070        0x0 c:/winavr-20070525/bin/../lib/gcc/avr/4.1.2/../../../../avr/lib/avr5\libm.a(floatsisf.o)
 .data          0x00800070        0x0 c:/winavr-20070525/bin/../lib/gcc/avr/4.1.2/../../../../avr/lib/avr5\libm.a(fp_merge.o)
 .data          0x00800070        0x0 c:/winavr-20070525/bin/../lib/gcc/avr/4.1.2/../../../../avr/lib/avr5\libm.a(fp_nan.o)
 .data          0x00800070        0x0 c:/winavr-20070525/bin/../lib/gcc/avr/4.1.2/../../../../avr/lib/avr5\libm.a(fp_split.o)
 .data          0x00800070        0x0 c:/winavr-20070525/bin/../lib/gcc/avr/4.1.2/../../../../avr/lib/avr5\libm.a(fp_zero.o)
 .data          0x00800070        0x0 c:/winavr-20070525/bin/../lib/gcc/avr/4.1.2/avr5\libgcc.a(_mulsi3.o)
 .data          0x00800070        0x0 c:/winavr-20070525/bin/../lib/gcc/avr/4.1.2/avr5\libgcc.a(_udivmodhi4.o)
 .data          0x00800070        0x0 c:/winavr-20070525/bin/../lib/gcc/avr/4.1.2/avr5\libgcc.a(_divmodhi4.o)
 .data          0x00800070        0x0 c:/winavr-20070525/bin/../lib/gcc/avr/4.1.2/avr5\libgcc.a(_udivmodsi4.o)
 .data          0x00800070        0x0 c:/winavr-20070525/bin/../lib/gcc/avr/4.1.2/avr5\libgcc.a(_exit.o)
 .data          0x00800070        0x0 c:/winavr-20070525/bin/../lib/gcc/avr/4.1.2/avr5\libgcc.a(_copy_data.o)
 .data          0x00800070        0x0 c:/winavr-20070525/bin/../lib/gcc/avr/4.1.2/avr5\libgcc.a(_clear_bss.o)
 .data          0x00800070        0x0 c:/winavr-20070525/bin/../lib/gcc/avr/4.1.2/../../../../avr/lib/avr5\libc.a(itoa.o)
 .data          0x00800070        0x0 c:/winavr-20070525/bin/../lib/gcc/avr/4.1.2/../../../../avr/lib/avr5\libc.a(strrev.o)
 *(.data*)
 *(.rodata)
 *(.rodata*)
 *(.gnu.linkonce.d*)
                0x00800070                . = ALIGN (0x2)
                0x00800070                _edata = .
                0x00800070                PROVIDE (__data_end, .)

.bss            0x00800070       0xa2
                0x00800070                PROVIDE (__bss_start, .)
 *(.bss)
 .bss           0x00800070        0x0 c:/winavr-20070525/bin/../lib/gcc/avr/4.1.2/../../../../avr/lib/avr5/crtm32.o
 .bss           0x00800070       0x14 RP6Base_Move_05.o
                0x00800076                escape
                0x0080007c                avoid
                0x00800070                STOP
 .bss           0x00800084       0x12 ../../RP6lib/RP6base/RP6RobotBaseLib.o
                0x00800084                mleft_des_dir
                0x00800088                drive_dir
                0x00800085                mright_des_dir
                0x00800087                mright_dir
                0x00800086                mleft_dir
 .bss           0x00800096        0x0 ../../RP6lib/RP6common/RP6uart.o
 .bss           0x00800096        0x0 c:/winavr-20070525/bin/../lib/gcc/avr/4.1.2/../../../../avr/lib/avr5\libm.a(addsf3.o)
 .bss           0x00800096        0x0 c:/winavr-20070525/bin/../lib/gcc/avr/4.1.2/../../../../avr/lib/avr5\libm.a(addsf3x.o)
 .bss           0x00800096        0x0 c:/winavr-20070525/bin/../lib/gcc/avr/4.1.2/../../../../avr/lib/avr5\libm.a(divsf3.o)
 .bss           0x00800096        0x0 c:/winavr-20070525/bin/../lib/gcc/avr/4.1.2/../../../../avr/lib/avr5\libm.a(divsf3x.o)
 .bss           0x00800096        0x0 c:/winavr-20070525/bin/../lib/gcc/avr/4.1.2/../../../../avr/lib/avr5\libm.a(fixsfsi.o)
 .bss           0x00800096        0x0 c:/winavr-20070525/bin/../lib/gcc/avr/4.1.2/../../../../avr/lib/avr5\libm.a(floatsisf.o)
 .bss           0x00800096        0x0 c:/winavr-20070525/bin/../lib/gcc/avr/4.1.2/../../../../avr/lib/avr5\libm.a(fp_merge.o)
 .bss           0x00800096        0x0 c:/winavr-20070525/bin/../lib/gcc/avr/4.1.2/../../../../avr/lib/avr5\libm.a(fp_nan.o)
 .bss           0x00800096        0x0 c:/winavr-20070525/bin/../lib/gcc/avr/4.1.2/../../../../avr/lib/avr5\libm.a(fp_split.o)
 .bss           0x00800096        0x0 c:/winavr-20070525/bin/../lib/gcc/avr/4.1.2/../../../../avr/lib/avr5\libm.a(fp_zero.o)
 .bss           0x00800096        0x0 c:/winavr-20070525/bin/../lib/gcc/avr/4.1.2/avr5\libgcc.a(_mulsi3.o)
 .bss           0x00800096        0x0 c:/winavr-20070525/bin/../lib/gcc/avr/4.1.2/avr5\libgcc.a(_udivmodhi4.o)
 .bss           0x00800096        0x0 c:/winavr-20070525/bin/../lib/gcc/avr/4.1.2/avr5\libgcc.a(_divmodhi4.o)
 .bss           0x00800096        0x0 c:/winavr-20070525/bin/../lib/gcc/avr/4.1.2/avr5\libgcc.a(_udivmodsi4.o)
 .bss           0x00800096        0x0 c:/winavr-20070525/bin/../lib/gcc/avr/4.1.2/avr5\libgcc.a(_exit.o)
 .bss           0x00800096        0x0 c:/winavr-20070525/bin/../lib/gcc/avr/4.1.2/avr5\libgcc.a(_copy_data.o)
 .bss           0x00800096        0x0 c:/winavr-20070525/bin/../lib/gcc/avr/4.1.2/avr5\libgcc.a(_clear_bss.o)
 .bss           0x00800096        0x0 c:/winavr-20070525/bin/../lib/gcc/avr/4.1.2/../../../../avr/lib/avr5\libc.a(itoa.o)
 .bss           0x00800096        0x0 c:/winavr-20070525/bin/../lib/gcc/avr/4.1.2/../../../../avr/lib/avr5\libc.a(strrev.o)
 *(.bss*)
 *(COMMON)
 COMMON         0x00800096        0x2 RP6Base_Move_05.o
                0x00800096                motion_status
                0x00800097                statusLEDs
 COMMON         0x00800098       0x67 ../../RP6lib/RP6base/RP6RobotBaseLib.o
                0x00800098                bumper_left
                0x00800099                preStop_R
                0x0080009b                mright_des_speed
                0x0080009d                mleft_des_speed
                0x0080009f                mleft_des_speed_tmp
                0x008000a1                sysStatACS
                0x008000a2                ircomm_send
                0x008000a3                overcurrent_error_clear
                0x008000a4                distanceToMove_R
                0x008000a6                acs_pulse
                0x008000a7                left_i
                0x008000a9                IRCOMM_RC5_data
                0x008000ab                motor_control
                0x008000ac                leds_on
                0x008000ad                mleft_power
                0x008000af                mleft_speed
                0x008000b1                preDecelerate_R
                0x008000b3                mright_des_speed_tmp
                0x008000b5                adc1
                0x008000b7                adcLSL
                0x008000b9                acs_timer
                0x008000bb                preStop_L
                0x008000bd                mright_power
                0x008000bf                mright_counter
                0x008000c1                ircomm_data_tmp
                0x008000c3                distanceToMove_L
                0x008000c5                stopwatches
                0x008000d6                overcurrent_timeout
                0x008000d7                obstacle_left
                0x008000d8                overcurrent_errors
                0x008000d9                overcurrent_timer
                0x008000da                mright_ptmp
                0x008000db                ircomm_data
                0x008000dd                adcLSR
                0x008000df                speed_adjust_timer
                0x008000e0                obstacle_right
                0x008000e1                speed_timer
                0x008000e2                right_i
                0x008000e4                bumper_timer
                0x008000e5                mright_dist
                0x008000e7                preDecelerate_L
                0x008000e9                mleft_counter
                0x008000eb                adc0
                0x008000ed                delay_timer
                0x008000ee                adcMotorCurrentRight
                0x008000f0                ms_timer
                0x008000f1                mright_speed
                0x008000f3                mleft_dist
                0x008000f5                bumper_right
                0x008000f6                acs_event_counter
                0x008000f7                motion_status_tmp
                0x008000f8                adcBat
                0x008000fa                IRCOMM_RC5_data_ok
                0x008000fc                mleft_ptmp
                0x008000fd                adcMotorCurrentLeft
 COMMON         0x008000ff       0x13 ../../RP6lib/RP6common/RP6uart.o
                0x008000ff                uart_status
                0x00800100                uart_receive_bytes
                0x00800101                buffer_pos
                0x00800102                uart_receive_buffer
                0x00800112                PROVIDE (__bss_end, .)
                0x0000200c                __data_load_start = LOADADDR (.data)
                0x0000201c                __data_load_end = (__data_load_start + SIZEOF (.data))

.noinit         0x00800112        0x0
                0x00800112                PROVIDE (__noinit_start, .)
 *(.noinit*)
                0x00800112                PROVIDE (__noinit_end, .)
                0x00800112                _end = .
                0x00800112                PROVIDE (__heap_start, .)

.eeprom         0x00810000        0x0
 *(.eeprom*)
                0x00810000                __eeprom_end = .

.stab           0x00000000      0x378
 *(.stab)
 .stab          0x00000000      0x378 c:/winavr-20070525/bin/../lib/gcc/avr/4.1.2/../../../../avr/lib/avr5/crtm32.o

.stabstr        0x00000000       0x71
 *(.stabstr)
 .stabstr       0x00000000       0x71 c:/winavr-20070525/bin/../lib/gcc/avr/4.1.2/../../../../avr/lib/avr5/crtm32.o

.stab.excl
 *(.stab.excl)

.stab.exclstr
 *(.stab.exclstr)

.stab.index
 *(.stab.index)

.stab.indexstr
 *(.stab.indexstr)

.comment
 *(.comment)

.debug
 *(.debug)

.line
 *(.line)

.debug_srcinfo
 *(.debug_srcinfo)

.debug_sfnames
 *(.debug_sfnames)

.debug_aranges  0x00000000       0x60
 *(.debug_aranges)
 .debug_aranges
                0x00000000       0x20 RP6Base_Move_05.o
 .debug_aranges
                0x00000020       0x20 ../../RP6lib/RP6base/RP6RobotBaseLib.o
 .debug_aranges
                0x00000040       0x20 ../../RP6lib/RP6common/RP6uart.o

.debug_pubnames
                0x00000000      0xa54
 *(.debug_pubnames)
 .debug_pubnames
                0x00000000       0xf7 RP6Base_Move_05.o
 .debug_pubnames
                0x000000f7      0x806 ../../RP6lib/RP6base/RP6RobotBaseLib.o
 .debug_pubnames
                0x000008fd      0x157 ../../RP6lib/RP6common/RP6uart.o

.debug_info     0x00000000     0x1dd7
 *(.debug_info)
 .debug_info    0x00000000      0x517 RP6Base_Move_05.o
 .debug_info    0x00000517     0x144f ../../RP6lib/RP6base/RP6RobotBaseLib.o
 .debug_info    0x00001966      0x471 ../../RP6lib/RP6common/RP6uart.o
 *(.gnu.linkonce.wi.*)

.debug_abbrev   0x00000000      0x6b8
 *(.debug_abbrev)
 .debug_abbrev  0x00000000      0x1a8 RP6Base_Move_05.o
 .debug_abbrev  0x000001a8      0x344 ../../RP6lib/RP6base/RP6RobotBaseLib.o
 .debug_abbrev  0x000004ec      0x1cc ../../RP6lib/RP6common/RP6uart.o

.debug_line     0x00000000     0x1ccb
 *(.debug_line)
 .debug_line    0x00000000      0x5ad RP6Base_Move_05.o
 .debug_line    0x000005ad     0x1443 ../../RP6lib/RP6base/RP6RobotBaseLib.o
 .debug_line    0x000019f0      0x2db ../../RP6lib/RP6common/RP6uart.o

.debug_frame    0x00000000      0x490
 *(.debug_frame)
 .debug_frame   0x00000000       0x90 RP6Base_Move_05.o
 .debug_frame   0x00000090      0x330 ../../RP6lib/RP6base/RP6RobotBaseLib.o
 .debug_frame   0x000003c0       0xd0 ../../RP6lib/RP6common/RP6uart.o

.debug_str      0x00000000      0xc22
 *(.debug_str)
 .debug_str     0x00000000      0x2b6 RP6Base_Move_05.o
                                0x347 (size before relaxing)
 .debug_str     0x000002b6      0x7fc ../../RP6lib/RP6base/RP6RobotBaseLib.o
                                0xa7e (size before relaxing)
 .debug_str     0x00000ab2      0x170 ../../RP6lib/RP6common/RP6uart.o
                                0x29e (size before relaxing)

.debug_loc      0x00000000      0x4d9
 *(.debug_loc)
 .debug_loc     0x00000000       0x68 RP6Base_Move_05.o
 .debug_loc     0x00000068      0x2f3 ../../RP6lib/RP6base/RP6RobotBaseLib.o
 .debug_loc     0x0000035b      0x17e ../../RP6lib/RP6common/RP6uart.o

.debug_macinfo
 *(.debug_macinfo)
OUTPUT(RP6Base_Move_05.elf elf32-avr)
LOAD linker stubs

.debug_ranges   0x00000000       0x30
 .debug_ranges  0x00000000       0x30 ../../RP6lib/RP6common/RP6uart.o

Cross Reference Table

Symbol                                            File
ACS_setStateChangedHandler                        ../../RP6lib/RP6base/RP6RobotBaseLib.o
                                                  RP6Base_Move_05.o
ACS_stateChanged_DUMMY                            ../../RP6lib/RP6base/RP6RobotBaseLib.o
BUMPERS_setStateChangedHandler                    ../../RP6lib/RP6base/RP6RobotBaseLib.o
                                                  RP6Base_Move_05.o
BUMPERS_stateChanged_DUMMY                        ../../RP6lib/RP6base/RP6RobotBaseLib.o
IRCOMM_RC5_data                                   ../../RP6lib/RP6base/RP6RobotBaseLib.o
IRCOMM_RC5_data_ok                                ../../RP6lib/RP6base/RP6RobotBaseLib.o
IRCOMM_RC5dataReady_DUMMY                         ../../RP6lib/RP6base/RP6RobotBaseLib.o
IRCOMM_sendRC5                                    ../../RP6lib/RP6base/RP6RobotBaseLib.o
IRCOMM_setRC5DataReadyHandler                     ../../RP6lib/RP6base/RP6RobotBaseLib.o
MOTIONCONTROL_setStateChangedHandler              ../../RP6lib/RP6base/RP6RobotBaseLib.o
MOTIONCONTROL_stateChanged_DUMMY                  ../../RP6lib/RP6base/RP6RobotBaseLib.o
STOP                                              RP6Base_Move_05.o
__addsf3                                          c:/winavr-20070525/bin/../lib/gcc/avr/4.1.2/../../../../avr/lib/avr5\libm.a(addsf3.o)
                                                  RP6Base_Move_05.o
__addsf3x                                         c:/winavr-20070525/bin/../lib/gcc/avr/4.1.2/../../../../avr/lib/avr5\libm.a(addsf3x.o)
                                                  c:/winavr-20070525/bin/../lib/gcc/avr/4.1.2/../../../../avr/lib/avr5\libm.a(addsf3.o)
__bad_interrupt                                   c:/winavr-20070525/bin/../lib/gcc/avr/4.1.2/../../../../avr/lib/avr5/crtm32.o
__bss_end                                         c:/winavr-20070525/bin/../lib/gcc/avr/4.1.2/avr5\libgcc.a(_clear_bss.o)
__bss_start                                       c:/winavr-20070525/bin/../lib/gcc/avr/4.1.2/avr5\libgcc.a(_clear_bss.o)
__data_end                                        c:/winavr-20070525/bin/../lib/gcc/avr/4.1.2/avr5\libgcc.a(_copy_data.o)
__data_load_start                                 c:/winavr-20070525/bin/../lib/gcc/avr/4.1.2/avr5\libgcc.a(_copy_data.o)
__data_start                                      c:/winavr-20070525/bin/../lib/gcc/avr/4.1.2/avr5\libgcc.a(_copy_data.o)
__divmodhi4                                       c:/winavr-20070525/bin/../lib/gcc/avr/4.1.2/avr5\libgcc.a(_divmodhi4.o)
                                                  ../../RP6lib/RP6base/RP6RobotBaseLib.o
__divsf3                                          c:/winavr-20070525/bin/../lib/gcc/avr/4.1.2/../../../../avr/lib/avr5\libm.a(divsf3.o)
                                                  RP6Base_Move_05.o
__divsf3x                                         c:/winavr-20070525/bin/../lib/gcc/avr/4.1.2/../../../../avr/lib/avr5\libm.a(divsf3x.o)
                                                  c:/winavr-20070525/bin/../lib/gcc/avr/4.1.2/../../../../avr/lib/avr5\libm.a(divsf3.o)
__do_clear_bss                                    c:/winavr-20070525/bin/../lib/gcc/avr/4.1.2/avr5\libgcc.a(_clear_bss.o)
                                                  ../../RP6lib/RP6common/RP6uart.o
                                                  ../../RP6lib/RP6base/RP6RobotBaseLib.o
                                                  RP6Base_Move_05.o
__do_copy_data                                    c:/winavr-20070525/bin/../lib/gcc/avr/4.1.2/avr5\libgcc.a(_copy_data.o)
                                                  ../../RP6lib/RP6common/RP6uart.o
                                                  ../../RP6lib/RP6base/RP6RobotBaseLib.o
                                                  RP6Base_Move_05.o
__fixsfsi                                         c:/winavr-20070525/bin/../lib/gcc/avr/4.1.2/../../../../avr/lib/avr5\libm.a(fixsfsi.o)
__fixunssfsi                                      c:/winavr-20070525/bin/../lib/gcc/avr/4.1.2/../../../../avr/lib/avr5\libm.a(fixsfsi.o)
                                                  RP6Base_Move_05.o
__floatsisf                                       c:/winavr-20070525/bin/../lib/gcc/avr/4.1.2/../../../../avr/lib/avr5\libm.a(floatsisf.o)
                                                  RP6Base_Move_05.o
__floatunssisf                                    c:/winavr-20070525/bin/../lib/gcc/avr/4.1.2/../../../../avr/lib/avr5\libm.a(floatsisf.o)
__fp_lneg                                         c:/winavr-20070525/bin/../lib/gcc/avr/4.1.2/../../../../avr/lib/avr5\libm.a(fixsfsi.o)
                                                  c:/winavr-20070525/bin/../lib/gcc/avr/4.1.2/../../../../avr/lib/avr5\libm.a(floatsisf.o)
__fp_merge                                        c:/winavr-20070525/bin/../lib/gcc/avr/4.1.2/../../../../avr/lib/avr5\libm.a(fp_merge.o)
                                                  c:/winavr-20070525/bin/../lib/gcc/avr/4.1.2/../../../../avr/lib/avr5\libm.a(floatsisf.o)
                                                  c:/winavr-20070525/bin/../lib/gcc/avr/4.1.2/../../../../avr/lib/avr5\libm.a(divsf3.o)
                                                  c:/winavr-20070525/bin/../lib/gcc/avr/4.1.2/../../../../avr/lib/avr5\libm.a(addsf3.o)
__fp_nan                                          c:/winavr-20070525/bin/../lib/gcc/avr/4.1.2/../../../../avr/lib/avr5\libm.a(fp_nan.o)
                                                  c:/winavr-20070525/bin/../lib/gcc/avr/4.1.2/../../../../avr/lib/avr5\libm.a(fp_split.o)
__fp_nanEDOM                                      c:/winavr-20070525/bin/../lib/gcc/avr/4.1.2/../../../../avr/lib/avr5\libm.a(fp_nan.o)
__fp_nanERANGE                                    c:/winavr-20070525/bin/../lib/gcc/avr/4.1.2/../../../../avr/lib/avr5\libm.a(fp_nan.o)
__fp_nanx                                         c:/winavr-20070525/bin/../lib/gcc/avr/4.1.2/../../../../avr/lib/avr5\libm.a(fp_nan.o)
                                                  c:/winavr-20070525/bin/../lib/gcc/avr/4.1.2/../../../../avr/lib/avr5\libm.a(divsf3x.o)
__fp_split1                                       c:/winavr-20070525/bin/../lib/gcc/avr/4.1.2/../../../../avr/lib/avr5\libm.a(fp_split.o)
                                                  c:/winavr-20070525/bin/../lib/gcc/avr/4.1.2/../../../../avr/lib/avr5\libm.a(fixsfsi.o)
__fp_split2                                       c:/winavr-20070525/bin/../lib/gcc/avr/4.1.2/../../../../avr/lib/avr5\libm.a(fp_split.o)
__fp_split3                                       c:/winavr-20070525/bin/../lib/gcc/avr/4.1.2/../../../../avr/lib/avr5\libm.a(fp_split.o)
                                                  c:/winavr-20070525/bin/../lib/gcc/avr/4.1.2/../../../../avr/lib/avr5\libm.a(divsf3.o)
                                                  c:/winavr-20070525/bin/../lib/gcc/avr/4.1.2/../../../../avr/lib/avr5\libm.a(addsf3.o)
__fp_split_a                                      c:/winavr-20070525/bin/../lib/gcc/avr/4.1.2/../../../../avr/lib/avr5\libm.a(fp_split.o)
__fp_zero                                         c:/winavr-20070525/bin/../lib/gcc/avr/4.1.2/../../../../avr/lib/avr5\libm.a(fp_zero.o)
                                                  c:/winavr-20070525/bin/../lib/gcc/avr/4.1.2/../../../../avr/lib/avr5\libm.a(fp_merge.o)
                                                  c:/winavr-20070525/bin/../lib/gcc/avr/4.1.2/../../../../avr/lib/avr5\libm.a(fixsfsi.o)
__fp_zerox                                        c:/winavr-20070525/bin/../lib/gcc/avr/4.1.2/../../../../avr/lib/avr5\libm.a(fp_zero.o)
                                                  c:/winavr-20070525/bin/../lib/gcc/avr/4.1.2/../../../../avr/lib/avr5\libm.a(divsf3x.o)
                                                  c:/winavr-20070525/bin/../lib/gcc/avr/4.1.2/../../../../avr/lib/avr5\libm.a(addsf3x.o)
__heap_end                                        c:/winavr-20070525/bin/../lib/gcc/avr/4.1.2/../../../../avr/lib/avr5/crtm32.o
__init                                            c:/winavr-20070525/bin/../lib/gcc/avr/4.1.2/../../../../avr/lib/avr5/crtm32.o
__mulsi3                                          c:/winavr-20070525/bin/../lib/gcc/avr/4.1.2/avr5\libgcc.a(_mulsi3.o)
                                                  ../../RP6lib/RP6base/RP6RobotBaseLib.o
__stack                                           c:/winavr-20070525/bin/../lib/gcc/avr/4.1.2/../../../../avr/lib/avr5/crtm32.o
__subsf3                                          c:/winavr-20070525/bin/../lib/gcc/avr/4.1.2/../../../../avr/lib/avr5\libm.a(addsf3.o)
__udivmodhi4                                      c:/winavr-20070525/bin/../lib/gcc/avr/4.1.2/avr5\libgcc.a(_udivmodhi4.o)
                                                  c:/winavr-20070525/bin/../lib/gcc/avr/4.1.2/../../../../avr/lib/avr5\libc.a(itoa.o)
                                                  c:/winavr-20070525/bin/../lib/gcc/avr/4.1.2/avr5\libgcc.a(_divmodhi4.o)
                                                  ../../RP6lib/RP6base/RP6RobotBaseLib.o
__udivmodsi4                                      c:/winavr-20070525/bin/../lib/gcc/avr/4.1.2/avr5\libgcc.a(_udivmodsi4.o)
                                                  ../../RP6lib/RP6base/RP6RobotBaseLib.o
__vector_1                                        ../../RP6lib/RP6base/RP6RobotBaseLib.o
                                                  c:/winavr-20070525/bin/../lib/gcc/avr/4.1.2/../../../../avr/lib/avr5/crtm32.o
__vector_10                                       ../../RP6lib/RP6base/RP6RobotBaseLib.o
                                                  c:/winavr-20070525/bin/../lib/gcc/avr/4.1.2/../../../../avr/lib/avr5/crtm32.o
__vector_11                                       c:/winavr-20070525/bin/../lib/gcc/avr/4.1.2/../../../../avr/lib/avr5/crtm32.o
__vector_12                                       c:/winavr-20070525/bin/../lib/gcc/avr/4.1.2/../../../../avr/lib/avr5/crtm32.o
__vector_13                                       ../../RP6lib/RP6common/RP6uart.o
                                                  c:/winavr-20070525/bin/../lib/gcc/avr/4.1.2/../../../../avr/lib/avr5/crtm32.o
__vector_14                                       c:/winavr-20070525/bin/../lib/gcc/avr/4.1.2/../../../../avr/lib/avr5/crtm32.o
__vector_15                                       c:/winavr-20070525/bin/../lib/gcc/avr/4.1.2/../../../../avr/lib/avr5/crtm32.o
__vector_16                                       c:/winavr-20070525/bin/../lib/gcc/avr/4.1.2/../../../../avr/lib/avr5/crtm32.o
__vector_17                                       c:/winavr-20070525/bin/../lib/gcc/avr/4.1.2/../../../../avr/lib/avr5/crtm32.o
__vector_18                                       c:/winavr-20070525/bin/../lib/gcc/avr/4.1.2/../../../../avr/lib/avr5/crtm32.o
__vector_19                                       c:/winavr-20070525/bin/../lib/gcc/avr/4.1.2/../../../../avr/lib/avr5/crtm32.o
__vector_2                                        ../../RP6lib/RP6base/RP6RobotBaseLib.o
                                                  c:/winavr-20070525/bin/../lib/gcc/avr/4.1.2/../../../../avr/lib/avr5/crtm32.o
__vector_20                                       c:/winavr-20070525/bin/../lib/gcc/avr/4.1.2/../../../../avr/lib/avr5/crtm32.o
__vector_3                                        ../../RP6lib/RP6base/RP6RobotBaseLib.o
                                                  c:/winavr-20070525/bin/../lib/gcc/avr/4.1.2/../../../../avr/lib/avr5/crtm32.o
__vector_4                                        ../../RP6lib/RP6base/RP6RobotBaseLib.o
                                                  c:/winavr-20070525/bin/../lib/gcc/avr/4.1.2/../../../../avr/lib/avr5/crtm32.o
__vector_5                                        c:/winavr-20070525/bin/../lib/gcc/avr/4.1.2/../../../../avr/lib/avr5/crtm32.o
__vector_6                                        c:/winavr-20070525/bin/../lib/gcc/avr/4.1.2/../../../../avr/lib/avr5/crtm32.o
__vector_7                                        c:/winavr-20070525/bin/../lib/gcc/avr/4.1.2/../../../../avr/lib/avr5/crtm32.o
__vector_8                                        c:/winavr-20070525/bin/../lib/gcc/avr/4.1.2/../../../../avr/lib/avr5/crtm32.o
__vector_9                                        c:/winavr-20070525/bin/../lib/gcc/avr/4.1.2/../../../../avr/lib/avr5/crtm32.o
__vector_default                                  c:/winavr-20070525/bin/../lib/gcc/avr/4.1.2/../../../../avr/lib/avr5/crtm32.o
__vectors                                         c:/winavr-20070525/bin/../lib/gcc/avr/4.1.2/../../../../avr/lib/avr5/crtm32.o
_div                                              c:/winavr-20070525/bin/../lib/gcc/avr/4.1.2/avr5\libgcc.a(_divmodhi4.o)
_exit                                             c:/winavr-20070525/bin/../lib/gcc/avr/4.1.2/avr5\libgcc.a(_exit.o)
acsStateChanged                                   RP6Base_Move_05.o
acs_event_counter                                 ../../RP6lib/RP6base/RP6RobotBaseLib.o
acs_pulse                                         ../../RP6lib/RP6base/RP6RobotBaseLib.o
acs_state                                         ../../RP6lib/RP6base/RP6RobotBaseLib.o
acs_timer                                         ../../RP6lib/RP6base/RP6RobotBaseLib.o
adc0                                              ../../RP6lib/RP6base/RP6RobotBaseLib.o
adc1                                              ../../RP6lib/RP6base/RP6RobotBaseLib.o
adcBat                                            ../../RP6lib/RP6base/RP6RobotBaseLib.o
adcLSL                                            ../../RP6lib/RP6base/RP6RobotBaseLib.o
adcLSR                                            ../../RP6lib/RP6base/RP6RobotBaseLib.o
adcMotorCurrentLeft                               ../../RP6lib/RP6base/RP6RobotBaseLib.o
adcMotorCurrentRight                              ../../RP6lib/RP6base/RP6RobotBaseLib.o
avoid                                             RP6Base_Move_05.o
behaviourController                               RP6Base_Move_05.o
behaviour_avoid                                   RP6Base_Move_05.o
behaviour_cruise                                  RP6Base_Move_05.o
behaviour_escape                                  RP6Base_Move_05.o
buffer_pos                                        ../../RP6lib/RP6common/RP6uart.o
bumper_left                                       ../../RP6lib/RP6base/RP6RobotBaseLib.o
                                                  RP6Base_Move_05.o
bumper_right                                      ../../RP6lib/RP6base/RP6RobotBaseLib.o
                                                  RP6Base_Move_05.o
bumper_timer                                      ../../RP6lib/RP6base/RP6RobotBaseLib.o
bumpersStateChanged                               RP6Base_Move_05.o
changeDirection                                   ../../RP6lib/RP6base/RP6RobotBaseLib.o
                                                  RP6Base_Move_05.o
copyReceivedBytesToBuffer                         ../../RP6lib/RP6common/RP6uart.o
cruise                                            RP6Base_Move_05.o
delayCycles                                       ../../RP6lib/RP6base/RP6RobotBaseLib.o
delay_timer                                       ../../RP6lib/RP6base/RP6RobotBaseLib.o
disableACS                                        ../../RP6lib/RP6base/RP6RobotBaseLib.o
disablePowerOnWarning                             ../../RP6lib/RP6base/RP6RobotBaseLib.o
distanceToMove_L                                  ../../RP6lib/RP6base/RP6RobotBaseLib.o
distanceToMove_R                                  ../../RP6lib/RP6base/RP6RobotBaseLib.o
drive_dir                                         ../../RP6lib/RP6base/RP6RobotBaseLib.o
emergencyShutdown                                 ../../RP6lib/RP6base/RP6RobotBaseLib.o
enableACS                                         ../../RP6lib/RP6base/RP6RobotBaseLib.o
enablePowerOnWarning                              ../../RP6lib/RP6base/RP6RobotBaseLib.o
escape                                            RP6Base_Move_05.o
exit                                              c:/winavr-20070525/bin/../lib/gcc/avr/4.1.2/avr5\libgcc.a(_exit.o)
                                                  c:/winavr-20070525/bin/../lib/gcc/avr/4.1.2/../../../../avr/lib/avr5/crtm32.o
extIntOFF                                         ../../RP6lib/RP6base/RP6RobotBaseLib.o
extIntON                                          ../../RP6lib/RP6base/RP6RobotBaseLib.o
getBumperLeft                                     ../../RP6lib/RP6base/RP6RobotBaseLib.o
getBumperRight                                    ../../RP6lib/RP6base/RP6RobotBaseLib.o
initRobotBase                                     ../../RP6lib/RP6base/RP6RobotBaseLib.o
                                                  RP6Base_Move_05.o
ircomm_data                                       ../../RP6lib/RP6base/RP6RobotBaseLib.o
ircomm_data_tmp                                   ../../RP6lib/RP6base/RP6RobotBaseLib.o
ircomm_send                                       ../../RP6lib/RP6base/RP6RobotBaseLib.o
isMovementComplete                                ../../RP6lib/RP6base/RP6RobotBaseLib.o
                                                  RP6Base_Move_05.o
itoa                                              c:/winavr-20070525/bin/../lib/gcc/avr/4.1.2/../../../../avr/lib/avr5\libc.a(itoa.o)
                                                  ../../RP6lib/RP6common/RP6uart.o
leds_on                                           ../../RP6lib/RP6base/RP6RobotBaseLib.o
left_i                                            ../../RP6lib/RP6base/RP6RobotBaseLib.o
mSleep                                            ../../RP6lib/RP6base/RP6RobotBaseLib.o
                                                  RP6Base_Move_05.o
main                                              RP6Base_Move_05.o
                                                  c:/winavr-20070525/bin/../lib/gcc/avr/4.1.2/../../../../avr/lib/avr5/crtm32.o
mleft_counter                                     ../../RP6lib/RP6base/RP6RobotBaseLib.o
mleft_des_dir                                     ../../RP6lib/RP6base/RP6RobotBaseLib.o
mleft_des_speed                                   ../../RP6lib/RP6base/RP6RobotBaseLib.o
mleft_des_speed_tmp                               ../../RP6lib/RP6base/RP6RobotBaseLib.o
mleft_dir                                         ../../RP6lib/RP6base/RP6RobotBaseLib.o
mleft_dist                                        ../../RP6lib/RP6base/RP6RobotBaseLib.o
mleft_power                                       ../../RP6lib/RP6base/RP6RobotBaseLib.o
mleft_ptmp                                        ../../RP6lib/RP6base/RP6RobotBaseLib.o
mleft_speed                                       ../../RP6lib/RP6base/RP6RobotBaseLib.o
motion_status                                     ../../RP6lib/RP6base/RP6RobotBaseLib.o
                                                  RP6Base_Move_05.o
motion_status_tmp                                 ../../RP6lib/RP6base/RP6RobotBaseLib.o
motor_control                                     ../../RP6lib/RP6base/RP6RobotBaseLib.o
move                                              ../../RP6lib/RP6base/RP6RobotBaseLib.o
                                                  RP6Base_Move_05.o
moveAtSpeed                                       ../../RP6lib/RP6base/RP6RobotBaseLib.o
                                                  RP6Base_Move_05.o
moveCommand                                       RP6Base_Move_05.o
mright_counter                                    ../../RP6lib/RP6base/RP6RobotBaseLib.o
mright_des_dir                                    ../../RP6lib/RP6base/RP6RobotBaseLib.o
mright_des_speed                                  ../../RP6lib/RP6base/RP6RobotBaseLib.o
mright_des_speed_tmp                              ../../RP6lib/RP6base/RP6RobotBaseLib.o
mright_dir                                        ../../RP6lib/RP6base/RP6RobotBaseLib.o
mright_dist                                       ../../RP6lib/RP6base/RP6RobotBaseLib.o
mright_power                                      ../../RP6lib/RP6base/RP6RobotBaseLib.o
mright_ptmp                                       ../../RP6lib/RP6base/RP6RobotBaseLib.o
mright_speed                                      ../../RP6lib/RP6base/RP6RobotBaseLib.o
ms_timer                                          ../../RP6lib/RP6base/RP6RobotBaseLib.o
obstacle_left                                     ../../RP6lib/RP6base/RP6RobotBaseLib.o
                                                  RP6Base_Move_05.o
obstacle_right                                    ../../RP6lib/RP6base/RP6RobotBaseLib.o
                                                  RP6Base_Move_05.o
overcurrent_error_clear                           ../../RP6lib/RP6base/RP6RobotBaseLib.o
overcurrent_errors                                ../../RP6lib/RP6base/RP6RobotBaseLib.o
overcurrent_timeout                               ../../RP6lib/RP6base/RP6RobotBaseLib.o
overcurrent_timer                                 ../../RP6lib/RP6base/RP6RobotBaseLib.o
powerOFF                                          ../../RP6lib/RP6base/RP6RobotBaseLib.o
powerON                                           ../../RP6lib/RP6base/RP6RobotBaseLib.o
                                                  RP6Base_Move_05.o
preDecelerate_L                                   ../../RP6lib/RP6base/RP6RobotBaseLib.o
preDecelerate_R                                   ../../RP6lib/RP6base/RP6RobotBaseLib.o
preStop_L                                         ../../RP6lib/RP6base/RP6RobotBaseLib.o
preStop_R                                         ../../RP6lib/RP6base/RP6RobotBaseLib.o
readADC                                           ../../RP6lib/RP6base/RP6RobotBaseLib.o
receiveBytes                                      ../../RP6lib/RP6common/RP6uart.o
receiveBytesToBuffer                              ../../RP6lib/RP6common/RP6uart.o
right_i                                           ../../RP6lib/RP6base/RP6RobotBaseLib.o
rotate                                            ../../RP6lib/RP6base/RP6RobotBaseLib.o
                                                  RP6Base_Move_05.o
setACSPwrHigh                                     ../../RP6lib/RP6base/RP6RobotBaseLib.o
setACSPwrLow                                      ../../RP6lib/RP6base/RP6RobotBaseLib.o
setACSPwrMed                                      ../../RP6lib/RP6base/RP6RobotBaseLib.o
                                                  RP6Base_Move_05.o
setACSPwrOff                                      ../../RP6lib/RP6base/RP6RobotBaseLib.o
setLEDs                                           ../../RP6lib/RP6base/RP6RobotBaseLib.o
                                                  RP6Base_Move_05.o
setMotorDir                                       ../../RP6lib/RP6base/RP6RobotBaseLib.o
setMotorPower                                     ../../RP6lib/RP6base/RP6RobotBaseLib.o
sleep                                             ../../RP6lib/RP6base/RP6RobotBaseLib.o
speed_adjust_timer                                ../../RP6lib/RP6base/RP6RobotBaseLib.o
speed_timer                                       ../../RP6lib/RP6base/RP6RobotBaseLib.o
startADC                                          ../../RP6lib/RP6base/RP6RobotBaseLib.o
statusLEDs                                        ../../RP6lib/RP6base/RP6RobotBaseLib.o
                                                  RP6Base_Move_05.o
stop                                              ../../RP6lib/RP6base/RP6RobotBaseLib.o
stopReception                                     ../../RP6lib/RP6common/RP6uart.o
stopwatches                                       ../../RP6lib/RP6base/RP6RobotBaseLib.o
                                                  RP6Base_Move_05.o
strrev                                            c:/winavr-20070525/bin/../lib/gcc/avr/4.1.2/../../../../avr/lib/avr5\libc.a(strrev.o)
                                                  c:/winavr-20070525/bin/../lib/gcc/avr/4.1.2/../../../../avr/lib/avr5\libc.a(itoa.o)
sysStatACS                                        ../../RP6lib/RP6base/RP6RobotBaseLib.o
task_ACS                                          ../../RP6lib/RP6base/RP6RobotBaseLib.o
task_ADC                                          ../../RP6lib/RP6base/RP6RobotBaseLib.o
task_Bumpers                                      ../../RP6lib/RP6base/RP6RobotBaseLib.o
task_RP6System                                    ../../RP6lib/RP6base/RP6RobotBaseLib.o
                                                  RP6Base_Move_05.o
task_motionControl                                ../../RP6lib/RP6base/RP6RobotBaseLib.o
uart_receive_buffer                               ../../RP6lib/RP6common/RP6uart.o
uart_receive_bytes                                ../../RP6lib/RP6common/RP6uart.o
uart_status                                       ../../RP6lib/RP6common/RP6uart.o
updateStatusLEDs                                  ../../RP6lib/RP6base/RP6RobotBaseLib.o
                                                  RP6Base_Move_05.o
waitUntilReceptionComplete                        ../../RP6lib/RP6common/RP6uart.o
writeChar                                         ../../RP6lib/RP6common/RP6uart.o
writeInteger                                      ../../RP6lib/RP6common/RP6uart.o
writeIntegerLength                                ../../RP6lib/RP6common/RP6uart.o
writeNStringP                                     ../../RP6lib/RP6common/RP6uart.o
                                                  ../../RP6lib/RP6base/RP6RobotBaseLib.o
writeString                                       ../../RP6lib/RP6common/RP6uart.o
writeStringLength                                 ../../RP6lib/RP6common/RP6uart.o
